{
    "errors": [
        {
            "name": [
                "This field is required."
            ]
        },
        {
            "password1": [
                "This password is too short. It must contain at least 8 characters.",
                "This password is too common.",
                "This password is entirely numeric."
            ]
        },
        {
            "password2": [
                "The two password fields didn’t match."
            ]
        },
    ]
}

{
    "errors": [
            "Name field is required.",
            "This password is too short. It must contain at least 8 characters.",
            "This password is too common.",
            "This password is entirely numeric.",
            'The two password fields didn’t match.',
    ]
}